Archive member included to satisfy reference by file (symbol)

C:/ST/STM32CubeIDE_1.13.2/STM32CubeIDE/plugins/com.st.stm32cube.ide.mcu.externaltools.gnu-tools-for-stm32.11.3.rel1.win32_1.1.1.202309131626/tools/bin/../lib/gcc/arm-none-eabi/11.3.1/../../../../arm-none-eabi/lib/thumb/v7e-m+fp/hard\libc_nano.a(libc_a-exit.o)
                              C:/ST/STM32CubeIDE_1.13.2/STM32CubeIDE/plugins/com.st.stm32cube.ide.mcu.externaltools.gnu-tools-for-stm32.11.3.rel1.win32_1.1.1.202309131626/tools/bin/../lib/gcc/arm-none-eabi/11.3.1/../../../../arm-none-eabi/lib/thumb/v7e-m+fp/hard/crt0.o (exit)
C:/ST/STM32CubeIDE_1.13.2/STM32CubeIDE/plugins/com.st.stm32cube.ide.mcu.externaltools.gnu-tools-for-stm32.11.3.rel1.win32_1.1.1.202309131626/tools/bin/../lib/gcc/arm-none-eabi/11.3.1/../../../../arm-none-eabi/lib/thumb/v7e-m+fp/hard\libc_nano.a(libc_a-findfp.o)
                              C:/ST/STM32CubeIDE_1.13.2/STM32CubeIDE/plugins/com.st.stm32cube.ide.mcu.externaltools.gnu-tools-for-stm32.11.3.rel1.win32_1.1.1.202309131626/tools/bin/../lib/gcc/arm-none-eabi/11.3.1/../../../../arm-none-eabi/lib/thumb/v7e-m+fp/hard\libc_nano.a(libc_a-exit.o) (__stdio_exit_handler)
C:/ST/STM32CubeIDE_1.13.2/STM32CubeIDE/plugins/com.st.stm32cube.ide.mcu.externaltools.gnu-tools-for-stm32.11.3.rel1.win32_1.1.1.202309131626/tools/bin/../lib/gcc/arm-none-eabi/11.3.1/../../../../arm-none-eabi/lib/thumb/v7e-m+fp/hard\libc_nano.a(libc_a-fwalk.o)
                              C:/ST/STM32CubeIDE_1.13.2/STM32CubeIDE/plugins/com.st.stm32cube.ide.mcu.externaltools.gnu-tools-for-stm32.11.3.rel1.win32_1.1.1.202309131626/tools/bin/../lib/gcc/arm-none-eabi/11.3.1/../../../../arm-none-eabi/lib/thumb/v7e-m+fp/hard\libc_nano.a(libc_a-findfp.o) (_fwalk_sglue)
C:/ST/STM32CubeIDE_1.13.2/STM32CubeIDE/plugins/com.st.stm32cube.ide.mcu.externaltools.gnu-tools-for-stm32.11.3.rel1.win32_1.1.1.202309131626/tools/bin/../lib/gcc/arm-none-eabi/11.3.1/../../../../arm-none-eabi/lib/thumb/v7e-m+fp/hard\libc_nano.a(libc_a-stdio.o)
                              C:/ST/STM32CubeIDE_1.13.2/STM32CubeIDE/plugins/com.st.stm32cube.ide.mcu.externaltools.gnu-tools-for-stm32.11.3.rel1.win32_1.1.1.202309131626/tools/bin/../lib/gcc/arm-none-eabi/11.3.1/../../../../arm-none-eabi/lib/thumb/v7e-m+fp/hard\libc_nano.a(libc_a-findfp.o) (__sread)
C:/ST/STM32CubeIDE_1.13.2/STM32CubeIDE/plugins/com.st.stm32cube.ide.mcu.externaltools.gnu-tools-for-stm32.11.3.rel1.win32_1.1.1.202309131626/tools/bin/../lib/gcc/arm-none-eabi/11.3.1/../../../../arm-none-eabi/lib/thumb/v7e-m+fp/hard\libc_nano.a(libc_a-memset.o)
                              C:/ST/STM32CubeIDE_1.13.2/STM32CubeIDE/plugins/com.st.stm32cube.ide.mcu.externaltools.gnu-tools-for-stm32.11.3.rel1.win32_1.1.1.202309131626/tools/bin/../lib/gcc/arm-none-eabi/11.3.1/../../../../arm-none-eabi/lib/thumb/v7e-m+fp/hard/crt0.o (memset)
C:/ST/STM32CubeIDE_1.13.2/STM32CubeIDE/plugins/com.st.stm32cube.ide.mcu.externaltools.gnu-tools-for-stm32.11.3.rel1.win32_1.1.1.202309131626/tools/bin/../lib/gcc/arm-none-eabi/11.3.1/../../../../arm-none-eabi/lib/thumb/v7e-m+fp/hard\libc_nano.a(libc_a-closer.o)
                              C:/ST/STM32CubeIDE_1.13.2/STM32CubeIDE/plugins/com.st.stm32cube.ide.mcu.externaltools.gnu-tools-for-stm32.11.3.rel1.win32_1.1.1.202309131626/tools/bin/../lib/gcc/arm-none-eabi/11.3.1/../../../../arm-none-eabi/lib/thumb/v7e-m+fp/hard\libc_nano.a(libc_a-stdio.o) (_close_r)
C:/ST/STM32CubeIDE_1.13.2/STM32CubeIDE/plugins/com.st.stm32cube.ide.mcu.externaltools.gnu-tools-for-stm32.11.3.rel1.win32_1.1.1.202309131626/tools/bin/../lib/gcc/arm-none-eabi/11.3.1/../../../../arm-none-eabi/lib/thumb/v7e-m+fp/hard\libc_nano.a(libc_a-reent.o)
                              C:/ST/STM32CubeIDE_1.13.2/STM32CubeIDE/plugins/com.st.stm32cube.ide.mcu.externaltools.gnu-tools-for-stm32.11.3.rel1.win32_1.1.1.202309131626/tools/bin/../lib/gcc/arm-none-eabi/11.3.1/../../../../arm-none-eabi/lib/thumb/v7e-m+fp/hard\libc_nano.a(libc_a-closer.o) (errno)
C:/ST/STM32CubeIDE_1.13.2/STM32CubeIDE/plugins/com.st.stm32cube.ide.mcu.externaltools.gnu-tools-for-stm32.11.3.rel1.win32_1.1.1.202309131626/tools/bin/../lib/gcc/arm-none-eabi/11.3.1/../../../../arm-none-eabi/lib/thumb/v7e-m+fp/hard\libc_nano.a(libc_a-impure.o)
                              C:/ST/STM32CubeIDE_1.13.2/STM32CubeIDE/plugins/com.st.stm32cube.ide.mcu.externaltools.gnu-tools-for-stm32.11.3.rel1.win32_1.1.1.202309131626/tools/bin/../lib/gcc/arm-none-eabi/11.3.1/../../../../arm-none-eabi/lib/thumb/v7e-m+fp/hard\libc_nano.a(libc_a-reent.o) (_impure_ptr)
C:/ST/STM32CubeIDE_1.13.2/STM32CubeIDE/plugins/com.st.stm32cube.ide.mcu.externaltools.gnu-tools-for-stm32.11.3.rel1.win32_1.1.1.202309131626/tools/bin/../lib/gcc/arm-none-eabi/11.3.1/../../../../arm-none-eabi/lib/thumb/v7e-m+fp/hard\libc_nano.a(libc_a-lseekr.o)
[...]
Memory Configuration

Name             Origin             Length             Attributes
CCMRAM           0x0000000010000000 0x0000000000004000 xrw
RAM              0x0000000020000000 0x0000000000010000 xrw
FLASH            0x0000000008000000 0x0000000000080000 xr
*default*        0x0000000000000000 0xffffffffffffffff

Linker script and memory map

LOAD C:/ST/STM32CubeIDE_1.13.2/STM32CubeIDE/plugins/com.st.stm32cube.ide.mcu.externaltools.gnu-tools-for-stm32.11.3.rel1.win32_1.1.1.202309131626/tools/bin/../lib/gcc/arm-none-eabi/11.3.1/thumb/v7e-m+fp/hard/crti.o
LOAD C:/ST/STM32CubeIDE_1.13.2/STM32CubeIDE/plugins/com.st.stm32cube.ide.mcu.externaltools.gnu-tools-for-stm32.11.3.rel1.win32_1.1.1.202309131626/tools/bin/../lib/gcc/arm-none-eabi/11.3.1/thumb/v7e-m+fp/hard/crtbegin.o
LOAD C:/ST/STM32CubeIDE_1.13.2/STM32CubeIDE/plugins/com.st.stm32cube.ide.mcu.externaltools.gnu-tools-for-stm32.11.3.rel1.win32_1.1.1.202309131626/tools/bin/../lib/gcc/arm-none-eabi/11.3.1/../../../../arm-none-eabi/lib/thumb/v7e-m+fp/hard/crt0.o
LOAD ./Core/Src/i2c-lcd.o
LOAD ./Core/Src/main.o
LOAD ./Core/Src/stm32f3xx_hal_msp.o
LOAD ./Core/Src/stm32f3xx_it.o
LOAD ./Core/Src/syscalls.o
LOAD ./Core/Src/sysmem.o
LOAD ./Core/Src/system_stm32f3xx.o
LOAD ./Core/Startup/startup_stm32f303retx.o
LOAD ./Drivers/STM32F3xx_HAL_Driver/Src/stm32f3xx_hal.o
LOAD ./Drivers/STM32F3xx_HAL_Driver/Src/stm32f3xx_hal_adc.o
LOAD ./Drivers/STM32F3xx_HAL_Driver/Src/stm32f3xx_hal_adc_ex.o
LOAD ./Drivers/STM32F3xx_HAL_Driver/Src/stm32f3xx_hal_cortex.o
LOAD ./Drivers/STM32F3xx_HAL_Driver/Src/stm32f3xx_hal_dma.o
LOAD ./Drivers/STM32F3xx_HAL_Driver/Src/stm32f3xx_hal_exti.o
LOAD ./Drivers/STM32F3xx_HAL_Driver/Src/stm32f3xx_hal_flash.o
LOAD ./Drivers/STM32F3xx_HAL_Driver/Src/stm32f3xx_hal_flash_ex.o
LOAD ./Drivers/STM32F3xx_HAL_Driver/Src/stm32f3xx_hal_gpio.o
LOAD ./Drivers/STM32F3xx_HAL_Driver/Src/stm32f3xx_hal_i2c.o
LOAD ./Drivers/STM32F3xx_HAL_Driver/Src/stm32f3xx_hal_i2c_ex.o
LOAD ./Drivers/STM32F3xx_HAL_Driver/Src/stm32f3xx_hal_pwr.o
LOAD ./Drivers/STM32F3xx_HAL_Driver/Src/stm32f3xx_hal_pwr_ex.o
LOAD ./Drivers/STM32F3xx_HAL_Driver/Src/stm32f3xx_hal_rcc.o
LOAD ./Drivers/STM32F3xx_HAL_Driver/Src/stm32f3xx_hal_rcc_ex.o
LOAD ./Drivers/STM32F3xx_HAL_Driver/Src/stm32f3xx_hal_tim.o
LOAD ./Drivers/STM32F3xx_HAL_Driver/Src/stm32f3xx_hal_tim_ex.o
START GROUP
LOAD C:/ST/STM32CubeIDE_1.13.2/STM32CubeIDE/plugins/com.st.stm32cube.ide.mcu.externaltools.gnu-tools-for-stm32.11.3.rel1.win32_1.1.1.202309131626/tools/bin/../lib/gcc/arm-none-eabi/11.3.1/../../../../arm-none-eabi/lib/thumb/v7e-m+fp/hard\libc_nano.a
LOAD C:/ST/STM32CubeIDE_1.13.2/STM32CubeIDE/plugins/com.st.stm32cube.ide.mcu.externaltools.gnu-tools-for-stm32.11.3.rel1.win32_1.1.1.202309131626/tools/bin/../lib/gcc/arm-none-eabi/11.3.1/../../../../arm-none-eabi/lib/thumb/v7e-m+fp/hard\libm.a
END GROUP
START GROUP
LOAD C:/ST/STM32CubeIDE_1.13.2/STM32CubeIDE/plugins/com.st.stm32cube.ide.mcu.externaltools.gnu-tools-for-stm32.11.3.rel1.win32_1.1.1.202309131626/tools/bin/../lib/gcc/arm-none-eabi/11.3.1/thumb/v7e-m+fp/hard\libgcc.a
LOAD C:/ST/STM32CubeIDE_1.13.2/STM32CubeIDE/plugins/com.st.stm32cube.ide.mcu.externaltools.gnu-tools-for-stm32.11.3.rel1.win32_1.1.1.202309131626/tools/bin/../lib/gcc/arm-none-eabi/11.3.1/../../../../arm-none-eabi/lib/thumb/v7e-m+fp/hard\libc_nano.a
END GROUP
START GROUP
LOAD C:/ST/STM32CubeIDE_1.13.2/STM32CubeIDE/plugins/com.st.stm32cube.ide.mcu.externaltools.gnu-tools-for-stm32.11.3.rel1.win32_1.1.1.202309131626/tools/bin/../lib/gcc/arm-none-eabi/11.3.1/thumb/v7e-m+fp/hard\libgcc.a
LOAD C:/ST/STM32CubeIDE_1.13.2/STM32CubeIDE/plugins/com.st.stm32cube.ide.mcu.externaltools.gnu-tools-for-stm32.11.3.rel1.win32_1.1.1.202309131626/tools/bin/../lib/gcc/arm-none-eabi/11.3.1/../../../../arm-none-eabi/lib/thumb/v7e-m+fp/hard\libc_nano.a
LOAD C:/ST/STM32CubeIDE_1.13.2/STM32CubeIDE/plugins/com.st.stm32cube.ide.mcu.externaltools.gnu-tools-for-stm32.11.3.rel1.win32_1.1.1.202309131626/tools/bin/../lib/gcc/arm-none-eabi/11.3.1/../../../../arm-none-eabi/lib/thumb/v7e-m+fp/hard\libnosys.a
END GROUP
START GROUP
LOAD C:/ST/STM32CubeIDE_1.13.2/STM32CubeIDE/plugins/com.st.stm32cube.ide.mcu.externaltools.gnu-tools-for-stm32.11.3.rel1.win32_1.1.1.202309131626/tools/bin/../lib/gcc/arm-none-eabi/11.3.1/thumb/v7e-m+fp/hard\libgcc.a
LOAD C:/ST/STM32CubeIDE_1.13.2/STM32CubeIDE/plugins/com.st.stm32cube.ide.mcu.externaltools.gnu-tools-for-stm32.11.3.rel1.win32_1.1.1.202309131626/tools/bin/../lib/gcc/arm-none-eabi/11.3.1/../../../../arm-none-eabi/lib/thumb/v7e-m+fp/hard\libc_nano.a
LOAD C:/ST/STM32CubeIDE_1.13.2/STM32CubeIDE/plugins/com.st.stm32cube.ide.mcu.externaltools.gnu-tools-for-stm32.11.3.rel1.win32_1.1.1.202309131626/tools/bin/../lib/gcc/arm-none-eabi/11.3.1/../../../../arm-none-eabi/lib/thumb/v7e-m+fp/hard\libnosys.a
END GROUP
LOAD C:/ST/STM32CubeIDE_1.13.2/STM32CubeIDE/plugins/com.st.stm32cube.ide.mcu.externaltools.gnu-tools-for-stm32.11.3.rel1.win32_1.1.1.202309131626/tools/bin/../lib/gcc/arm-none-eabi/11.3.1/thumb/v7e-m+fp/hard/crtend.o
LOAD C:/ST/STM32CubeIDE_1.13.2/STM32CubeIDE/plugins/com.st.stm32cube.ide.mcu.externaltools.gnu-tools-for-stm32.11.3.rel1.win32_1.1.1.202309131626/tools/bin/../lib/gcc/arm-none-eabi/11.3.1/thumb/v7e-m+fp/hard/crtn.o
                0x0000000020010000                _estack = (ORIGIN (RAM) + LENGTH (RAM))
                0x0000000000000200                _Min_Heap_Size = 0x200
                0x0000000000000400                _Min_Stack_Size = 0x400

.isr_vector     0x0000000008000000      0x194
                0x0000000008000000                . = ALIGN (0x4)
 *(.isr_vector)
 .isr_vector    0x0000000008000000      0x194 ./Core/Startup/startup_stm32f303retx.o
                0x0000000008000000                g_pfnVectors
                0x0000000008000194                . = ALIGN (0x4)

.text           0x0000000008000194     0x5b6c
                0x0000000008000194                . = ALIGN (0x4)
 *(.text)
 .text          0x0000000008000194       0x40 C:/ST/STM32CubeIDE_1.13.2/STM32CubeIDE/plugins/com.st.stm32cube.ide.mcu.externaltools.gnu-tools-for-stm32.11.3.rel1.win32_1.1.1.202309131626/tools/bin/../lib/gcc/arm-none-eabi/11.3.1/thumb/v7e-m+fp/hard/crtbegin.o
 *(.text*)
 .text.lcd_send_cmd
                0x00000000080001d4       0x60 ./Core/Src/i2c-lcd.o
                0x00000000080001d4                lcd_send_cmd
 .text.lcd_send_data
                0x0000000008000234       0x60 ./Core/Src/i2c-lcd.o
                0x0000000008000234                lcd_send_data
 .text.lcd_clear
                0x0000000008000294       0x2e ./Core/Src/i2c-lcd.o
                0x0000000008000294                lcd_clear
 .text.lcd_put_cur
                0x00000000080002c2       0x3e ./Core/Src/i2c-lcd.o
                0x00000000080002c2                lcd_put_cur
 .text.lcd_init
                0x0000000008000300       0x7a ./Core/Src/i2c-lcd.o
                0x0000000008000300                lcd_init
 .text.lcd_send_string
                0x000000000800037a       0x2a ./Core/Src/i2c-lcd.o
                0x000000000800037a                lcd_send_string
 .text.servoA   0x00000000080003a4       0x20 ./Core/Src/main.o
                0x00000000080003a4                servoA
 .text.servoB   0x00000000080003c4       0x20 ./Core/Src/main.o
                0x00000000080003c4                servoB
 .text.write_mode0
                0x00000000080003e4       0x38 ./Core/Src/main.o
                0x00000000080003e4                write_mode0
 .text.write_mode1
                0x000000000800041c       0x38 ./Core/Src/main.o
                0x000000000800041c                write_mode1
 .text.write_mode2
                0x0000000008000454       0x38 ./Core/Src/main.o
                0x0000000008000454                write_mode2
 .text.HAL_GPIO_EXTI_Callback
                0x000000000800048c       0x7c ./Core/Src/main.o
                0x000000000800048c                HAL_GPIO_EXTI_Callback
 .text.main     0x0000000008000508      0x468 ./Core/Src/main.o
                0x0000000008000508                main
 .text.SystemClock_Config
                0x0000000008000970       0xd4 ./Core/Src/main.o
                0x0000000008000970                SystemClock_Config
 .text.MX_ADC1_Init
                0x0000000008000a44       0xe0 ./Core/Src/main.o
 .text.MX_ADC2_Init
                0x0000000008000b24       0xbc ./Core/Src/main.o
 .text.MX_I2C1_Init
                0x0000000008000be0       0x80 ./Core/Src/main.o
 .text.MX_TIM2_Init
                0x0000000008000c60      0x104 ./Core/Src/main.o
 .text.MX_GPIO_Init
                0x0000000008000d64       0xdc ./Core/Src/main.o
 .text.Error_Handler
                0x0000000008000e40        0xa ./Core/Src/main.o
                0x0000000008000e40                Error_Handler
 *fill*         0x0000000008000e4a        0x2 
 .text.HAL_MspInit
                0x0000000008000e4c       0x48 ./Core/Src/stm32f3xx_hal_msp.o
                0x0000000008000e4c                HAL_MspInit
 .text.HAL_ADC_MspInit
                0x0000000008000e94       0xfc ./Core/Src/stm32f3xx_hal_msp.o
                0x0000000008000e94                HAL_ADC_MspInit
 .text.HAL_I2C_MspInit
                0x0000000008000f90       0xc4 ./Core/Src/stm32f3xx_hal_msp.o
                0x0000000008000f90                HAL_I2C_MspInit
 .text.HAL_TIM_Base_MspInit
                0x0000000008001054       0x3c ./Core/Src/stm32f3xx_hal_msp.o
                0x0000000008001054                HAL_TIM_Base_MspInit
 .text.HAL_TIM_MspPostInit
                0x0000000008001090       0x68 ./Core/Src/stm32f3xx_hal_msp.o
                0x0000000008001090                HAL_TIM_MspPostInit
 .text.NMI_Handler
                0x00000000080010f8        0x6 ./Core/Src/stm32f3xx_it.o
                0x00000000080010f8                NMI_Handler
 .text.HardFault_Handler
                0x00000000080010fe        0x6 ./Core/Src/stm32f3xx_it.o
                0x00000000080010fe                HardFault_Handler
 .text.MemManage_Handler
                0x0000000008001104        0x6 ./Core/Src/stm32f3xx_it.o
                0x0000000008001104                MemManage_Handler
 .text.BusFault_Handler
                0x000000000800110a        0x6 ./Core/Src/stm32f3xx_it.o
                0x000000000800110a                BusFault_Handler
 .text.UsageFault_Handler
                0x0000000008001110        0x6 ./Core/Src/stm32f3xx_it.o
                0x0000000008001110                UsageFault_Handler
 .text.SVC_Handler
                0x0000000008001116        0xe ./Core/Src/stm32f3xx_it.o
                0x0000000008001116                SVC_Handler
 .text.DebugMon_Handler
                0x0000000008001124        0xe ./Core/Src/stm32f3xx_it.o
                0x0000000008001124                DebugMon_Handler
 .text.PendSV_Handler
                0x0000000008001132        0xe ./Core/Src/stm32f3xx_it.o
                0x0000000008001132                PendSV_Handler
 .text.SysTick_Handler
                0x0000000008001140        0xc ./Core/Src/stm32f3xx_it.o
                0x0000000008001140                SysTick_Handler
 .text.EXTI15_10_IRQHandler
                0x000000000800114c       0x10 ./Core/Src/stm32f3xx_it.o
                0x000000000800114c                EXTI15_10_IRQHandler
 .text.SystemInit
                0x000000000800115c       0x24 ./Core/Src/system_stm32f3xx.o
                0x000000000800115c                SystemInit
 .text.Reset_Handler
                0x0000000008001180       0x50 ./Core/Startup/startup_stm32f303retx.o
                0x0000000008001180                Reset_Handler
 .text.Default_Handler
                0x00000000080011d0        0x2 ./Core/Startup/startup_stm32f303retx.o
                0x00000000080011d0                RTC_Alarm_IRQHandler
                0x00000000080011d0                TIM8_TRG_COM_IRQHandler
                0x00000000080011d0                TIM8_CC_IRQHandler
                0x00000000080011d0                SPI4_IRQHandler
                0x00000000080011d0                TIM1_CC_IRQHandler
                0x00000000080011d0                USB_HP_IRQHandler
                0x00000000080011d0                PVD_IRQHandler
                0x00000000080011d0                TAMP_STAMP_IRQHandler
                0x00000000080011d0                EXTI3_IRQHandler
                0x00000000080011d0                I2C3_ER_IRQHandler
                0x00000000080011d0                USB_HP_CAN_TX_IRQHandler
                0x00000000080011d0                EXTI0_IRQHandler
                0x00000000080011d0                I2C2_EV_IRQHandler
                0x00000000080011d0                FPU_IRQHandler
                0x00000000080011d0                TIM1_UP_TIM16_IRQHandler
                0x00000000080011d0                ADC1_2_IRQHandler
                0x00000000080011d0                SPI1_IRQHandler
                0x00000000080011d0                CAN_SCE_IRQHandler
                0x00000000080011d0                TIM6_DAC_IRQHandler
                0x00000000080011d0                TIM8_UP_IRQHandler
                0x00000000080011d0                DMA2_Channel2_IRQHandler
                0x00000000080011d0                DMA1_Channel4_IRQHandler
                0x00000000080011d0                TIM20_TRG_COM_IRQHandler
                0x00000000080011d0                USART3_IRQHandler
                0x00000000080011d0                DMA1_Channel7_IRQHandler
                0x00000000080011d0                UART5_IRQHandler
                0x00000000080011d0                ADC3_IRQHandler
                0x00000000080011d0                TIM4_IRQHandler
                0x00000000080011d0                CAN_RX1_IRQHandler
                0x00000000080011d0                DMA2_Channel1_IRQHandler
                0x00000000080011d0                I2C1_EV_IRQHandler
                0x00000000080011d0                DMA1_Channel6_IRQHandler
                0x00000000080011d0                UART4_IRQHandler
                0x00000000080011d0                DMA2_Channel4_IRQHandler
                0x00000000080011d0                TIM3_IRQHandler
                0x00000000080011d0                RCC_IRQHandler
                0x00000000080011d0                TIM20_UP_IRQHandler
                0x00000000080011d0                DMA1_Channel1_IRQHandler
                0x00000000080011d0                Default_Handler
                0x00000000080011d0                USBWakeUp_RMP_IRQHandler
                0x00000000080011d0                TIM7_IRQHandler
                0x00000000080011d0                I2C3_EV_IRQHandler
                0x00000000080011d0                EXTI9_5_IRQHandler
                0x00000000080011d0                RTC_WKUP_IRQHandler
                0x00000000080011d0                SPI2_IRQHandler
                0x00000000080011d0                USB_LP_CAN_RX0_IRQHandler
                0x00000000080011d0                DMA2_Channel5_IRQHandler
                0x00000000080011d0                DMA1_Channel5_IRQHandler
                0x00000000080011d0                USB_LP_IRQHandler
                0x00000000080011d0                EXTI4_IRQHandler
                0x00000000080011d0                TIM1_TRG_COM_TIM17_IRQHandler
                0x00000000080011d0                DMA1_Channel3_IRQHandler
                0x00000000080011d0                ADC4_IRQHandler
                0x00000000080011d0                WWDG_IRQHandler
                0x00000000080011d0                TIM2_IRQHandler
                0x00000000080011d0                COMP7_IRQHandler
                0x00000000080011d0                COMP1_2_3_IRQHandler
                0x00000000080011d0                EXTI1_IRQHandler
                0x00000000080011d0                USART2_IRQHandler
                0x00000000080011d0                COMP4_5_6_IRQHandler
                0x00000000080011d0                TIM20_BRK_IRQHandler
                0x00000000080011d0                I2C2_ER_IRQHandler
                0x00000000080011d0                DMA1_Channel2_IRQHandler
                0x00000000080011d0                TIM8_BRK_IRQHandler
                0x00000000080011d0                FLASH_IRQHandler
                0x00000000080011d0                TIM20_CC_IRQHandler
                0x00000000080011d0                USART1_IRQHandler
                0x00000000080011d0                SPI3_IRQHandler
                0x00000000080011d0                I2C1_ER_IRQHandler
                0x00000000080011d0                FMC_IRQHandler
                0x00000000080011d0                USBWakeUp_IRQHandler
                0x00000000080011d0                DMA2_Channel3_IRQHandler
                0x00000000080011d0                EXTI2_TSC_IRQHandler
                0x00000000080011d0                TIM1_BRK_TIM15_IRQHandler
 *fill*         0x00000000080011d2        0x2 
 .text.HAL_Init
                0x00000000080011d4       0x2c ./Drivers/STM32F3xx_HAL_Driver/Src/stm32f3xx_hal.o
                0x00000000080011d4                HAL_Init
 .text.HAL_InitTick
                0x0000000008001200       0x60 ./Drivers/STM32F3xx_HAL_Driver/Src/stm32f3xx_hal.o
                0x0000000008001200                HAL_InitTick
 .text.HAL_IncTick
                0x0000000008001260       0x28 ./Drivers/STM32F3xx_HAL_Driver/Src/stm32f3xx_hal.o
                0x0000000008001260                HAL_IncTick
 .text.HAL_GetTick
                0x0000000008001288       0x18 ./Drivers/STM32F3xx_HAL_Driver/Src/stm32f3xx_hal.o
                0x0000000008001288                HAL_GetTick
 .text.HAL_Delay
                0x00000000080012a0       0x48 ./Drivers/STM32F3xx_HAL_Driver/Src/stm32f3xx_hal.o
                0x00000000080012a0                HAL_Delay
 .text.HAL_ResumeTick
                0x00000000080012e8       0x20 ./Drivers/STM32F3xx_HAL_Driver/Src/stm32f3xx_hal.o
                0x00000000080012e8                HAL_ResumeTick
 .text.HAL_ADC_Init
                0x0000000008001308      0x3f4 ./Drivers/STM32F3xx_HAL_Driver/Src/stm32f3xx_hal_adc_ex.o
                0x0000000008001308                HAL_ADC_Init
 .text.HAL_ADC_Start
                0x00000000080016fc      0x22c ./Drivers/STM32F3xx_HAL_Driver/Src/stm32f3xx_hal_adc_ex.o
                0x00000000080016fc                HAL_ADC_Start
 .text.HAL_ADC_PollForConversion
                0x0000000008001928      0x204 ./Drivers/STM32F3xx_HAL_Driver/Src/stm32f3xx_hal_adc_ex.o
                0x0000000008001928                HAL_ADC_PollForConversion
 .text.HAL_ADC_GetValue
                0x0000000008001b2c       0x1a ./Drivers/STM32F3xx_HAL_Driver/Src/stm32f3xx_hal_adc_ex.o
                0x0000000008001b2c                HAL_ADC_GetValue
 *fill*         0x0000000008001b46        0x2 
 .text.HAL_ADC_ConfigChannel
                0x0000000008001b48      0x5d4 ./Drivers/STM32F3xx_HAL_Driver/Src/stm32f3xx_hal_adc_ex.o
                0x0000000008001b48                HAL_ADC_ConfigChannel
 .text.HAL_ADCEx_MultiModeConfigChannel
                0x000000000800211c      0x1e4 ./Drivers/STM32F3xx_HAL_Driver/Src/stm32f3xx_hal_adc_ex.o
                0x000000000800211c                HAL_ADCEx_MultiModeConfigChannel
 .text.ADC_Enable
                0x0000000008002300       0xc8 ./Drivers/STM32F3xx_HAL_Driver/Src/stm32f3xx_hal_adc_ex.o
 .text.ADC_Disable
                0x00000000080023c8       0xcc ./Drivers/STM32F3xx_HAL_Driver/Src/stm32f3xx_hal_adc_ex.o
 .text.__NVIC_SetPriorityGrouping
                0x0000000008002494       0x48 ./Drivers/STM32F3xx_HAL_Driver/Src/stm32f3xx_hal_cortex.o
 .text.__NVIC_GetPriorityGrouping
                0x00000000080024dc       0x1c ./Drivers/STM32F3xx_HAL_Driver/Src/stm32f3xx_hal_cortex.o
 .text.__NVIC_EnableIRQ
                0x00000000080024f8       0x3c ./Drivers/STM32F3xx_HAL_Driver/Src/stm32f3xx_hal_cortex.o
 .text.__NVIC_SetPriority
                0x0000000008002534       0x54 ./Drivers/STM32F3xx_HAL_Driver/Src/stm32f3xx_hal_cortex.o
 .text.NVIC_EncodePriority
                0x0000000008002588       0x66 ./Drivers/STM32F3xx_HAL_Driver/Src/stm32f3xx_hal_cortex.o
 *fill*         0x00000000080025ee        0x2 
 .text.SysTick_Config
                0x00000000080025f0       0x44 ./Drivers/STM32F3xx_HAL_Driver/Src/stm32f3xx_hal_cortex.o
 .text.HAL_NVIC_SetPriorityGrouping
                0x0000000008002634       0x16 ./Drivers/STM32F3xx_HAL_Driver/Src/stm32f3xx_hal_cortex.o
                0x0000000008002634                HAL_NVIC_SetPriorityGrouping
 .text.HAL_NVIC_SetPriority
                0x000000000800264a       0x38 ./Drivers/STM32F3xx_HAL_Driver/Src/stm32f3xx_hal_cortex.o
                0x000000000800264a                HAL_NVIC_SetPriority
 .text.HAL_NVIC_EnableIRQ
                0x0000000008002682       0x1c ./Drivers/STM32F3xx_HAL_Driver/Src/stm32f3xx_hal_cortex.o
                0x0000000008002682                HAL_NVIC_EnableIRQ
 .text.HAL_SYSTICK_Config
                0x000000000800269e       0x18 ./Drivers/STM32F3xx_HAL_Driver/Src/stm32f3xx_hal_cortex.o
                0x000000000800269e                HAL_SYSTICK_Config
 *fill*         0x00000000080026b6        0x2 
 .text.HAL_GPIO_Init
                0x00000000080026b8      0x314 ./Drivers/STM32F3xx_HAL_Driver/Src/stm32f3xx_hal_gpio.o
                0x00000000080026b8                HAL_GPIO_Init
 .text.HAL_GPIO_WritePin
                0x00000000080029cc       0x30 ./Drivers/STM32F3xx_HAL_Driver/Src/stm32f3xx_hal_gpio.o
                0x00000000080029cc                HAL_GPIO_WritePin
 .text.HAL_GPIO_EXTI_IRQHandler
                0x00000000080029fc       0x30 ./Drivers/STM32F3xx_HAL_Driver/Src/stm32f3xx_hal_gpio.o
                0x00000000080029fc                HAL_GPIO_EXTI_IRQHandler
 .text.HAL_I2C_Init
                0x0000000008002a2c      0x11e ./Drivers/STM32F3xx_HAL_Driver/Src/stm32f3xx_hal_i2c.o
                0x0000000008002a2c                HAL_I2C_Init
 *fill*         0x0000000008002b4a        0x2 
 .text.HAL_I2C_Master_Transmit
                0x0000000008002b4c      0x1e8 ./Drivers/STM32F3xx_HAL_Driver/Src/stm32f3xx_hal_i2c.o
                0x0000000008002b4c                HAL_I2C_Master_Transmit
 .text.I2C_Flush_TXDR
                0x0000000008002d34       0x48 ./Drivers/STM32F3xx_HAL_Driver/Src/stm32f3xx_hal_i2c.o
 .text.I2C_WaitOnFlagUntilTimeout
                0x0000000008002d7c       0x9e ./Drivers/STM32F3xx_HAL_Driver/Src/stm32f3xx_hal_i2c.o
 .text.I2C_WaitOnTXISFlagUntilTimeout
                0x0000000008002e1a       0x8e ./Drivers/STM32F3xx_HAL_Driver/Src/stm32f3xx_hal_i2c.o
 .text.I2C_WaitOnSTOPFlagUntilTimeout
                0x0000000008002ea8       0x86 ./Drivers/STM32F3xx_HAL_Driver/Src/stm32f3xx_hal_i2c.o
 *fill*         0x0000000008002f2e        0x2 
 .text.I2C_IsErrorOccurred
                0x0000000008002f30      0x1c0 ./Drivers/STM32F3xx_HAL_Driver/Src/stm32f3xx_hal_i2c.o
 .text.I2C_TransferConfig
                0x00000000080030f0       0x64 ./Drivers/STM32F3xx_HAL_Driver/Src/stm32f3xx_hal_i2c.o
 .text.HAL_I2CEx_ConfigAnalogFilter
                0x0000000008003154       0x96 ./Drivers/STM32F3xx_HAL_Driver/Src/stm32f3xx_hal_i2c_ex.o
                0x0000000008003154                HAL_I2CEx_ConfigAnalogFilter
 .text.HAL_I2CEx_ConfigDigitalFilter
                0x00000000080031ea       0x98 ./Drivers/STM32F3xx_HAL_Driver/Src/stm32f3xx_hal_i2c_ex.o
                0x00000000080031ea                HAL_I2CEx_ConfigDigitalFilter
 *fill*         0x0000000008003282        0x2 
 .text.HAL_PWR_EnterSLEEPMode
                0x0000000008003284       0x38 ./Drivers/STM32F3xx_HAL_Driver/Src/stm32f3xx_hal_pwr.o
                0x0000000008003284                HAL_PWR_EnterSLEEPMode
 .text.HAL_RCC_OscConfig
                0x00000000080032bc     0x10a8 ./Drivers/STM32F3xx_HAL_Driver/Src/stm32f3xx_hal_rcc.o
                0x00000000080032bc                HAL_RCC_OscConfig
 .text.HAL_RCC_ClockConfig
                0x0000000008004364      0x2f8 ./Drivers/STM32F3xx_HAL_Driver/Src/stm32f3xx_hal_rcc.o
                0x0000000008004364                HAL_RCC_ClockConfig
 .text.HAL_RCC_GetSysClockFreq
                0x000000000800465c       0xd4 ./Drivers/STM32F3xx_HAL_Driver/Src/stm32f3xx_hal_rcc.o
                0x000000000800465c                HAL_RCC_GetSysClockFreq
 .text.HAL_RCCEx_PeriphCLKConfig
                0x0000000008004730      0x43c ./Drivers/STM32F3xx_HAL_Driver/Src/stm32f3xx_hal_rcc_ex.o
                0x0000000008004730                HAL_RCCEx_PeriphCLKConfig
 .text.HAL_TIM_Base_Init
                0x0000000008004b6c       0xae ./Drivers/STM32F3xx_HAL_Driver/Src/stm32f3xx_hal_tim.o
                0x0000000008004b6c                HAL_TIM_Base_Init
 .text.HAL_TIM_PWM_Init
                0x0000000008004c1a       0xae ./Drivers/STM32F3xx_HAL_Driver/Src/stm32f3xx_hal_tim.o
                0x0000000008004c1a                HAL_TIM_PWM_Init
 .text.HAL_TIM_PWM_MspInit
                0x0000000008004cc8       0x14 ./Drivers/STM32F3xx_HAL_Driver/Src/stm32f3xx_hal_tim.o
                0x0000000008004cc8                HAL_TIM_PWM_MspInit
 .text.HAL_TIM_PWM_Start
                0x0000000008004cdc      0x218 ./Drivers/STM32F3xx_HAL_Driver/Src/stm32f3xx_hal_tim.o
                0x0000000008004cdc                HAL_TIM_PWM_Start
 .text.HAL_TIM_PWM_ConfigChannel
                0x0000000008004ef4      0x228 ./Drivers/STM32F3xx_HAL_Driver/Src/stm32f3xx_hal_tim.o
                0x0000000008004ef4                HAL_TIM_PWM_ConfigChannel
 .text.HAL_TIM_ConfigClockSource
                0x000000000800511c      0x192 ./Drivers/STM32F3xx_HAL_Driver/Src/stm32f3xx_hal_tim.o
                0x000000000800511c                HAL_TIM_ConfigClockSource
 *fill*         0x00000000080052ae        0x2 
 .text.TIM_Base_SetConfig
                0x00000000080052b0      0x13c ./Drivers/STM32F3xx_HAL_Driver/Src/stm32f3xx_hal_tim.o
                0x00000000080052b0                TIM_Base_SetConfig
 .text.TIM_OC1_SetConfig
                0x00000000080053ec      0x134 ./Drivers/STM32F3xx_HAL_Driver/Src/stm32f3xx_hal_tim.o
 .text.TIM_OC2_SetConfig
                0x0000000008005520      0x128 ./Drivers/STM32F3xx_HAL_Driver/Src/stm32f3xx_hal_tim.o
                0x0000000008005520                TIM_OC2_SetConfig
 .text.TIM_OC3_SetConfig
                0x0000000008005648      0x124 ./Drivers/STM32F3xx_HAL_Driver/Src/stm32f3xx_hal_tim.o
 .text.TIM_OC4_SetConfig
                0x000000000800576c       0xe0 ./Drivers/STM32F3xx_HAL_Driver/Src/stm32f3xx_hal_tim.o
 .text.TIM_OC5_SetConfig
                0x000000000800584c       0xd4 ./Drivers/STM32F3xx_HAL_Driver/Src/stm32f3xx_hal_tim.o
 .text.TIM_OC6_SetConfig
                0x0000000008005920       0xd8 ./Drivers/STM32F3xx_HAL_Driver/Src/stm32f3xx_hal_tim.o
 .text.TIM_TI1_ConfigInputStage
                0x00000000080059f8       0x5e ./Drivers/STM32F3xx_HAL_Driver/Src/stm32f3xx_hal_tim.o
 .text.TIM_TI2_ConfigInputStage
                0x0000000008005a56       0x60 ./Drivers/STM32F3xx_HAL_Driver/Src/stm32f3xx_hal_tim.o
 .text.TIM_ITRx_SetConfig
                0x0000000008005ab6       0x36 ./Drivers/STM32F3xx_HAL_Driver/Src/stm32f3xx_hal_tim.o
 .text.TIM_ETR_SetConfig
                0x0000000008005aec       0x40 ./Drivers/STM32F3xx_HAL_Driver/Src/stm32f3xx_hal_tim.o
                0x0000000008005aec                TIM_ETR_SetConfig
 .text.TIM_CCxChannelCmd
                0x0000000008005b2c       0x4a ./Drivers/STM32F3xx_HAL_Driver/Src/stm32f3xx_hal_tim.o
                0x0000000008005b2c                TIM_CCxChannelCmd
 *fill*         0x0000000008005b76        0x2 
 .text.HAL_TIMEx_MasterConfigSynchronization
                0x0000000008005b78      0x118 ./Drivers/STM32F3xx_HAL_Driver/Src/stm32f3xx_hal_tim_ex.o
                0x0000000008005b78                HAL_TIMEx_MasterConfigSynchronization
 .text.memset   0x0000000008005c90       0x10 C:/ST/STM32CubeIDE_1.13.2/STM32CubeIDE/plugins/com.st.stm32cube.ide.mcu.externaltools.gnu-tools-for-stm32.11.3.rel1.win32_1.1.1.202309131626/tools/bin/../lib/gcc/arm-none-eabi/11.3.1/../../../../arm-none-eabi/lib/thumb/v7e-m+fp/hard\libc_nano.a(libc_a-memset.o)
                0x0000000008005c90                memset
 .text.__libc_init_array
                0x0000000008005ca0       0x48 C:/ST/STM32CubeIDE_1.13.2/STM32CubeIDE/plugins/com.st.stm32cube.ide.mcu.externaltools.gnu-tools-for-stm32.11.3.rel1.win32_1.1.1.202309131626/tools/bin/../lib/gcc/arm-none-eabi/11.3.1/../../../../arm-none-eabi/lib/thumb/v7e-m+fp/hard\libc_nano.a(libc_a-init.o)
                0x0000000008005ca0                __libc_init_array
 *(.glue_7)
 .glue_7        0x0000000008005ce8        0x0 linker stubs
 *(.glue_7t)
 .glue_7t       0x0000000008005ce8        0x0 linker stubs
 *(.eh_frame)
 .eh_frame      0x0000000008005ce8        0x0 C:/ST/STM32CubeIDE_1.13.2/STM32CubeIDE/plugins/com.st.stm32cube.ide.mcu.externaltools.gnu-tools-for-stm32.11.3.rel1.win32_1.1.1.202309131626/tools/bin/../lib/gcc/arm-none-eabi/11.3.1/thumb/v7e-m+fp/hard/crtbegin.o
 *(.init)
 .init          0x0000000008005ce8        0x4 C:/ST/STM32CubeIDE_1.13.2/STM32CubeIDE/plugins/com.st.stm32cube.ide.mcu.externaltools.gnu-tools-for-stm32.11.3.rel1.win32_1.1.1.202309131626/tools/bin/../lib/gcc/arm-none-eabi/11.3.1/thumb/v7e-m+fp/hard/crti.o
                0x0000000008005ce8                _init
 .init          0x0000000008005cec        0x8 C:/ST/STM32CubeIDE_1.13.2/STM32CubeIDE/plugins/com.st.stm32cube.ide.mcu.externaltools.gnu-tools-for-stm32.11.3.rel1.win32_1.1.1.202309131626/tools/bin/../lib/gcc/arm-none-eabi/11.3.1/thumb/v7e-m+fp/hard/crtn.o
 *(.fini)
 .fini          0x0000000008005cf4        0x4 C:/ST/STM32CubeIDE_1.13.2/STM32CubeIDE/plugins/com.st.stm32cube.ide.mcu.externaltools.gnu-tools-for-stm32.11.3.rel1.win32_1.1.1.202309131626/tools/bin/../lib/gcc/arm-none-eabi/11.3.1/thumb/v7e-m+fp/hard/crti.o
                0x0000000008005cf4                _fini
 .fini          0x0000000008005cf8        0x8 C:/ST/STM32CubeIDE_1.13.2/STM32CubeIDE/plugins/com.st.stm32cube.ide.mcu.externaltools.gnu-tools-for-stm32.11.3.rel1.win32_1.1.1.202309131626/tools/bin/../lib/gcc/arm-none-eabi/11.3.1/thumb/v7e-m+fp/hard/crtn.o
                0x0000000008005d00                . = ALIGN (0x4)
                0x0000000008005d00                _etext = .

.vfp11_veneer   0x0000000008005d00        0x0
 .vfp11_veneer  0x0000000008005d00        0x0 linker stubs

.v4_bx          0x0000000008005d00        0x0
 .v4_bx         0x0000000008005d00        0x0 linker stubs

.iplt           0x0000000008005d00        0x0
 .iplt          0x0000000008005d00        0x0 C:/ST/STM32CubeIDE_1.13.2/STM32CubeIDE/plugins/com.st.stm32cube.ide.mcu.externaltools.gnu-tools-for-stm32.11.3.rel1.win32_1.1.1.202309131626/tools/bin/../lib/gcc/arm-none-eabi/11.3.1/thumb/v7e-m+fp/hard/crtbegin.o

.rodata         0x0000000008005d00       0x80
                0x0000000008005d00                . = ALIGN (0x4)
 *(.rodata)
 .rodata        0x0000000008005d00       0x4d ./Core/Src/main.o
 *(.rodata*)
 *fill*         0x0000000008005d4d        0x3 
 .rodata.AHBPrescTable
                0x0000000008005d50       0x10 ./Core/Src/system_stm32f3xx.o
                0x0000000008005d50                AHBPrescTable
 .rodata.aPLLMULFactorTable
                0x0000000008005d60       0x10 ./Drivers/STM32F3xx_HAL_Driver/Src/stm32f3xx_hal_rcc.o
 .rodata.aPredivFactorTable
                0x0000000008005d70       0x10 ./Drivers/STM32F3xx_HAL_Driver/Src/stm32f3xx_hal_rcc.o
                0x0000000008005d80                . = ALIGN (0x4)

.rel.dyn        0x0000000008005d80        0x0
 .rel.iplt      0x0000000008005d80        0x0 C:/ST/STM32CubeIDE_1.13.2/STM32CubeIDE/plugins/com.st.stm32cube.ide.mcu.externaltools.gnu-tools-for-stm32.11.3.rel1.win32_1.1.1.202309131626/tools/bin/../lib/gcc/arm-none-eabi/11.3.1/thumb/v7e-m+fp/hard/crtbegin.o

.ARM.extab      0x0000000008005d80        0x0
                0x0000000008005d80                . = ALIGN (0x4)
 *(.ARM.extab* .gnu.linkonce.armextab.*)
                0x0000000008005d80                . = ALIGN (0x4)

.ARM            0x0000000008005d80        0x0
                0x0000000008005d80                . = ALIGN (0x4)
                0x0000000008005d80                __exidx_start = .
 *(.ARM.exidx*)
                0x0000000008005d80                __exidx_end = .
                0x0000000008005d80                . = ALIGN (0x4)

.preinit_array  0x0000000008005d80        0x0
                0x0000000008005d80                . = ALIGN (0x4)
                0x0000000008005d80                PROVIDE (__preinit_array_start = .)
 *(.preinit_array*)
                0x0000000008005d80                PROVIDE (__preinit_array_end = .)
                0x0000000008005d80                . = ALIGN (0x4)

.init_array     0x0000000008005d80        0x4
                0x0000000008005d80                . = ALIGN (0x4)
                0x0000000008005d80                PROVIDE (__init_array_start = .)
 *(SORT_BY_NAME(.init_array.*))
 *(.init_array*)
 .init_array    0x0000000008005d80        0x4 C:/ST/STM32CubeIDE_1.13.2/STM32CubeIDE/plugins/com.st.stm32cube.ide.mcu.externaltools.gnu-tools-for-stm32.11.3.rel1.win32_1.1.1.202309131626/tools/bin/../lib/gcc/arm-none-eabi/11.3.1/thumb/v7e-m+fp/hard/crtbegin.o
                0x0000000008005d84                PROVIDE (__init_array_end = .)
                0x0000000008005d84                . = ALIGN (0x4)

.fini_array     0x0000000008005d84        0x4
                0x0000000008005d84                . = ALIGN (0x4)
                [!provide]                        PROVIDE (__fini_array_start = .)
 *(SORT_BY_NAME(.fini_array.*))
 *(.fini_array*)
 .fini_array    0x0000000008005d84        0x4 C:/ST/STM32CubeIDE_1.13.2/STM32CubeIDE/plugins/com.st.stm32cube.ide.mcu.externaltools.gnu-tools-for-stm32.11.3.rel1.win32_1.1.1.202309131626/tools/bin/../lib/gcc/arm-none-eabi/11.3.1/thumb/v7e-m+fp/hard/crtbegin.o
                [!provide]                        PROVIDE (__fini_array_end = .)
                0x0000000008005d88                . = ALIGN (0x4)
                0x0000000008005d88                _sidata = LOADADDR (.data)

.data           0x0000000020000000       0x10 load address 0x0000000008005d88
                0x0000000020000000                . = ALIGN (0x4)
                0x0000000020000000                _sdata = .
 *(.data)
 *(.data*)
 .data.i        0x0000000020000000        0x1 ./Core/Src/main.o
 .data.j        0x0000000020000001        0x1 ./Core/Src/main.o
 .data.m        0x0000000020000002        0x1 ./Core/Src/main.o
 *fill*         0x0000000020000003        0x1 
 .data.SystemCoreClock
                0x0000000020000004        0x4 ./Core/Src/system_stm32f3xx.o
                0x0000000020000004                SystemCoreClock
 .data.uwTickPrio
                0x0000000020000008        0x4 ./Drivers/STM32F3xx_HAL_Driver/Src/stm32f3xx_hal.o
                0x0000000020000008                uwTickPrio
 .data.uwTickFreq
                0x000000002000000c        0x1 ./Drivers/STM32F3xx_HAL_Driver/Src/stm32f3xx_hal.o
                0x000000002000000c                uwTickFreq
 *(.RamFunc)
 *(.RamFunc*)
                0x0000000020000010                . = ALIGN (0x4)
 *fill*         0x000000002000000d        0x3 
                0x0000000020000010                _edata = .
                0x0000000008005d98                _siccmram = LOADADDR (.ccmram)

.igot.plt       0x0000000020000010        0x0 load address 0x0000000008005d98
 .igot.plt      0x0000000020000010        0x0 C:/ST/STM32CubeIDE_1.13.2/STM32CubeIDE/plugins/com.st.stm32cube.ide.mcu.externaltools.gnu-tools-for-stm32.11.3.rel1.win32_1.1.1.202309131626/tools/bin/../lib/gcc/arm-none-eabi/11.3.1/thumb/v7e-m+fp/hard/crtbegin.o

.ccmram         0x0000000010000000        0x0 load address 0x0000000008005d98
                0x0000000010000000                . = ALIGN (0x4)
                0x0000000010000000                _sccmram = .
 *(.ccmram)
 *(.ccmram*)
                0x0000000010000000                . = ALIGN (0x4)
                0x0000000010000000                _eccmram = .
                0x0000000010000000                . = ALIGN (0x4)

.bss            0x0000000020000010      0x170
                0x0000000020000010                _sbss = .
                0x0000000020000010                __bss_start__ = _sbss
 *(.bss)
 .bss           0x0000000020000010       0x1c C:/ST/STM32CubeIDE_1.13.2/STM32CubeIDE/plugins/com.st.stm32cube.ide.mcu.externaltools.gnu-tools-for-stm32.11.3.rel1.win32_1.1.1.202309131626/tools/bin/../lib/gcc/arm-none-eabi/11.3.1/thumb/v7e-m+fp/hard/crtbegin.o
 *(.bss*)
 .bss.hadc1     0x000000002000002c       0x50 ./Core/Src/main.o
                0x000000002000002c                hadc1
 .bss.hadc2     0x000000002000007c       0x50 ./Core/Src/main.o
                0x000000002000007c                hadc2
 .bss.hi2c1     0x00000000200000cc       0x54 ./Core/Src/main.o
                0x00000000200000cc                hi2c1
 .bss.htim2     0x0000000020000120       0x4c ./Core/Src/main.o
                0x0000000020000120                htim2
 .bss.readValueX
                0x000000002000016c        0x2 ./Core/Src/main.o
                0x000000002000016c                readValueX
 .bss.readValueY
                0x000000002000016e        0x2 ./Core/Src/main.o
                0x000000002000016e                readValueY
 .bss.move_clockwise
                0x0000000020000170        0x4 ./Core/Src/main.o
                0x0000000020000170                move_clockwise
 .bss.x         0x0000000020000174        0x4 ./Core/Src/main.o
                0x0000000020000174                x
 .bss.HAL_RCC_ADC12_CLK_ENABLED
                0x0000000020000178        0x4 ./Core/Src/stm32f3xx_hal_msp.o
 .bss.uwTick    0x000000002000017c        0x4 ./Drivers/STM32F3xx_HAL_Driver/Src/stm32f3xx_hal.o
                0x000000002000017c                uwTick
 *(COMMON)
                0x0000000020000180                . = ALIGN (0x4)
                0x0000000020000180                _ebss = .
                0x0000000020000180                __bss_end__ = _ebss

._user_heap_stack
                0x0000000020000180      0x600
                0x0000000020000180                . = ALIGN (0x8)
                [!provide]                        PROVIDE (end = .)
                0x0000000020000180                PROVIDE (_end = .)
                0x0000000020000380                . = (. + _Min_Heap_Size)
 *fill*         0x0000000020000180      0x200 
                0x0000000020000780                . = (. + _Min_Stack_Size)
 *fill*         0x0000000020000380      0x400 
                0x0000000020000780                . = ALIGN (0x8)

/DISCARD/
 libc.a(*)
 libm.a(*)
 libgcc.a(*)

.ARM.attributes
                0x0000000000000000       0x30
 *(.ARM.attributes)
 .ARM.attributes
                0x0000000000000000       0x1e C:/ST/STM32CubeIDE_1.13.2/STM32CubeIDE/plugins/com.st.stm32cube.ide.mcu.externaltools.gnu-tools-for-stm32.11.3.rel1.win32_1.1.1.202309131626/tools/bin/../lib/gcc/arm-none-eabi/11.3.1/thumb/v7e-m+fp/hard/crti.o
 .ARM.attributes
                0x000000000000001e       0x34 C:/ST/STM32CubeIDE_1.13.2/STM32CubeIDE/plugins/com.st.stm32cube.ide.mcu.externaltools.gnu-tools-for-stm32.11.3.rel1.win32_1.1.1.202309131626/tools/bin/../lib/gcc/arm-none-eabi/11.3.1/thumb/v7e-m+fp/hard/crtbegin.o
 .ARM.attributes
                0x0000000000000052       0x34 ./Core/Src/i2c-lcd.o
 .ARM.attributes
                0x0000000000000086       0x34 ./Core/Src/main.o
 .ARM.attributes
                0x00000000000000ba       0x34 ./Core/Src/stm32f3xx_hal_msp.o
 .ARM.attributes
                0x00000000000000ee       0x34 ./Core/Src/stm32f3xx_it.o
 .ARM.attributes
                0x0000000000000122       0x34 ./Core/Src/system_stm32f3xx.o
 .ARM.attributes
                0x0000000000000156       0x21 ./Core/Startup/startup_stm32f303retx.o
 .ARM.attributes
                0x0000000000000177       0x34 ./Drivers/STM32F3xx_HAL_Driver/Src/stm32f3xx_hal.o
 .ARM.attributes
                0x00000000000001ab       0x34 ./Drivers/STM32F3xx_HAL_Driver/Src/stm32f3xx_hal_adc_ex.o
 .ARM.attributes
                0x00000000000001df       0x34 ./Drivers/STM32F3xx_HAL_Driver/Src/stm32f3xx_hal_cortex.o
 .ARM.attributes
                0x0000000000000213       0x34 ./Drivers/STM32F3xx_HAL_Driver/Src/stm32f3xx_hal_gpio.o
 .ARM.attributes
                0x0000000000000247       0x34 ./Drivers/STM32F3xx_HAL_Driver/Src/stm32f3xx_hal_i2c.o
 .ARM.attributes
                0x000000000000027b       0x34 ./Drivers/STM32F3xx_HAL_Driver/Src/stm32f3xx_hal_i2c_ex.o
 .ARM.attributes
                0x00000000000002af       0x34 ./Drivers/STM32F3xx_HAL_Driver/Src/stm32f3xx_hal_pwr.o
 .ARM.attributes
                0x00000000000002e3       0x34 ./Drivers/STM32F3xx_HAL_Driver/Src/stm32f3xx_hal_rcc.o
 .ARM.attributes
                0x0000000000000317       0x34 ./Drivers/STM32F3xx_HAL_Driver/Src/stm32f3xx_hal_rcc_ex.o
 .ARM.attributes
                0x000000000000034b       0x34 ./Drivers/STM32F3xx_HAL_Driver/Src/stm32f3xx_hal_tim.o
 .ARM.attributes
                0x000000000000037f       0x34 ./Drivers/STM32F3xx_HAL_Driver/Src/stm32f3xx_hal_tim_ex.o
 .ARM.attributes
                0x00000000000003b3       0x34 C:/ST/STM32CubeIDE_1.13.2/STM32CubeIDE/plugins/com.st.stm32cube.ide.mcu.externaltools.gnu-tools-for-stm32.11.3.rel1.win32_1.1.1.202309131626/tools/bin/../lib/gcc/arm-none-eabi/11.3.1/../../../../arm-none-eabi/lib/thumb/v7e-m+fp/hard\libc_nano.a(libc_a-memset.o)
 .ARM.attributes
                0x00000000000003e7       0x34 C:/ST/STM32CubeIDE_1.13.2/STM32CubeIDE/plugins/com.st.stm32cube.ide.mcu.externaltools.gnu-tools-for-stm32.11.3.rel1.win32_1.1.1.202309131626/tools/bin/../lib/gcc/arm-none-eabi/11.3.1/../../../../arm-none-eabi/lib/thumb/v7e-m+fp/hard\libc_nano.a(libc_a-init.o)
 .ARM.attributes
                0x000000000000041b       0x1e C:/ST/STM32CubeIDE_1.13.2/STM32CubeIDE/plugins/com.st.stm32cube.ide.mcu.externaltools.gnu-tools-for-stm32.11.3.rel1.win32_1.1.1.202309131626/tools/bin/../lib/gcc/arm-none-eabi/11.3.1/thumb/v7e-m+fp/hard/crtn.o
OUTPUT(Moving_camera_platform.elf elf32-littlearm)
LOAD linker stubs
LOAD C:/ST/STM32CubeIDE_1.13.2/STM32CubeIDE/plugins/com.st.stm32cube.ide.mcu.externaltools.gnu-tools-for-stm32.11.3.rel1.win32_1.1.1.202309131626/tools/bin/../lib/gcc/arm-none-eabi/11.3.1/../../../../arm-none-eabi/lib/thumb/v7e-m+fp/hard\libc.a
LOAD C:/ST/STM32CubeIDE_1.13.2/STM32CubeIDE/plugins/com.st.stm32cube.ide.mcu.externaltools.gnu-tools-for-stm32.11.3.rel1.win32_1.1.1.202309131626/tools/bin/../lib/gcc/arm-none-eabi/11.3.1/../../../../arm-none-eabi/lib/thumb/v7e-m+fp/hard\libm.a
LOAD C:/ST/STM32CubeIDE_1.13.2/STM32CubeIDE/plugins/com.st.stm32cube.ide.mcu.externaltools.gnu-tools-for-stm32.11.3.rel1.win32_1.1.1.202309131626/tools/bin/../lib/gcc/arm-none-eabi/11.3.1/thumb/v7e-m+fp/hard\libgcc.a

.comment        0x0000000000000000       0x43
 .comment       0x0000000000000000       0x43 C:/ST/STM32CubeIDE_1.13.2/STM32CubeIDE/plugins/com.st.stm32cube.ide.mcu.externaltools.gnu-tools-for-stm32.11.3.rel1.win32_1.1.1.202309131626/tools/bin/../lib/gcc/arm-none-eabi/11.3.1/thumb/v7e-m+fp/hard/crtbegin.o
                                         0x44 (size before relaxing)
 .comment       0x0000000000000043       0x44 ./Core/Src/i2c-lcd.o
 .comment       0x0000000000000043       0x44 ./Core/Src/main.o
 .comment       0x0000000000000043       0x44 ./Core/Src/stm32f3xx_hal_msp.o
 .comment       0x0000000000000043       0x44 ./Core/Src/stm32f3xx_it.o
 .comment       0x0000000000000043       0x44 ./Core/Src/system_stm32f3xx.o
 .comment       0x0000000000000043       0x44 ./Drivers/STM32F3xx_HAL_Driver/Src/stm32f3xx_hal.o
 .comment       0x0000000000000043       0x44 ./Drivers/STM32F3xx_HAL_Driver/Src/stm32f3xx_hal_adc_ex.o
 .comment       0x0000000000000043       0x44 ./Drivers/STM32F3xx_HAL_Driver/Src/stm32f3xx_hal_cortex.o
 .comment       0x0000000000000043       0x44 ./Drivers/STM32F3xx_HAL_Driver/Src/stm32f3xx_hal_gpio.o
 .comment       0x0000000000000043       0x44 ./Drivers/STM32F3xx_HAL_Driver/Src/stm32f3xx_hal_i2c.o
 .comment       0x0000000000000043       0x44 ./Drivers/STM32F3xx_HAL_Driver/Src/stm32f3xx_hal_i2c_ex.o
 .comment       0x0000000000000043       0x44 ./Drivers/STM32F3xx_HAL_Driver/Src/stm32f3xx_hal_pwr.o
 .comment       0x0000000000000043       0x44 ./Drivers/STM32F3xx_HAL_Driver/Src/stm32f3xx_hal_rcc.o
 .comment       0x0000000000000043       0x44 ./Drivers/STM32F3xx_HAL_Driver/Src/stm32f3xx_hal_rcc_ex.o
 .comment       0x0000000000000043       0x44 ./Drivers/STM32F3xx_HAL_Driver/Src/stm32f3xx_hal_tim.o
 .comment       0x0000000000000043       0x44 ./Drivers/STM32F3xx_HAL_Driver/Src/stm32f3xx_hal_tim_ex.o

.debug_info     0x0000000000000000     0xf3ee
 .debug_info    0x0000000000000000      0x76c ./Core/Src/i2c-lcd.o
 .debug_info    0x000000000000076c     0x1b77 ./Core/Src/main.o
 .debug_info    0x00000000000022e3     0x1179 ./Core/Src/stm32f3xx_hal_msp.o
 .debug_info    0x000000000000345c      0x14c ./Core/Src/stm32f3xx_it.o
 .debug_info    0x00000000000035a8      0x407 ./Core/Src/system_stm32f3xx.o
 .debug_info    0x00000000000039af       0x23 ./Core/Startup/startup_stm32f303retx.o
 .debug_info    0x00000000000039d2      0x804 ./Drivers/STM32F3xx_HAL_Driver/Src/stm32f3xx_hal.o
 .debug_info    0x00000000000041d6     0x15b2 ./Drivers/STM32F3xx_HAL_Driver/Src/stm32f3xx_hal_adc_ex.o
 .debug_info    0x0000000000005788      0xcdf ./Drivers/STM32F3xx_HAL_Driver/Src/stm32f3xx_hal_cortex.o
 .debug_info    0x0000000000006467      0x6a6 ./Drivers/STM32F3xx_HAL_Driver/Src/stm32f3xx_hal_gpio.o
 .debug_info    0x0000000000006b0d     0x2048 ./Drivers/STM32F3xx_HAL_Driver/Src/stm32f3xx_hal_i2c.o
 .debug_info    0x0000000000008b55      0x8cc ./Drivers/STM32F3xx_HAL_Driver/Src/stm32f3xx_hal_i2c_ex.o
 .debug_info    0x0000000000009421      0x4aa ./Drivers/STM32F3xx_HAL_Driver/Src/stm32f3xx_hal_pwr.o
 .debug_info    0x00000000000098cb     0x1501 ./Drivers/STM32F3xx_HAL_Driver/Src/stm32f3xx_hal_rcc.o
 .debug_info    0x000000000000adcc      0x663 ./Drivers/STM32F3xx_HAL_Driver/Src/stm32f3xx_hal_rcc_ex.o
 .debug_info    0x000000000000b42f     0x2a52 ./Drivers/STM32F3xx_HAL_Driver/Src/stm32f3xx_hal_tim.o
 .debug_info    0x000000000000de81     0x156d ./Drivers/STM32F3xx_HAL_Driver/Src/stm32f3xx_hal_tim_ex.o

.debug_abbrev   0x0000000000000000     0x2260
 .debug_abbrev  0x0000000000000000      0x1f7 ./Core/Src/i2c-lcd.o
 .debug_abbrev  0x00000000000001f7      0x348 ./Core/Src/main.o
 .debug_abbrev  0x000000000000053f      0x21e ./Core/Src/stm32f3xx_hal_msp.o
 .debug_abbrev  0x000000000000075d       0xa0 ./Core/Src/stm32f3xx_it.o
 .debug_abbrev  0x00000000000007fd      0x11a ./Core/Src/system_stm32f3xx.o
 .debug_abbrev  0x0000000000000917       0x12 ./Core/Startup/startup_stm32f303retx.o
 .debug_abbrev  0x0000000000000929      0x215 ./Drivers/STM32F3xx_HAL_Driver/Src/stm32f3xx_hal.o
 .debug_abbrev  0x0000000000000b3e      0x28e ./Drivers/STM32F3xx_HAL_Driver/Src/stm32f3xx_hal_adc_ex.o
 .debug_abbrev  0x0000000000000dcc      0x329 ./Drivers/STM32F3xx_HAL_Driver/Src/stm32f3xx_hal_cortex.o
 .debug_abbrev  0x00000000000010f5      0x1ca ./Drivers/STM32F3xx_HAL_Driver/Src/stm32f3xx_hal_gpio.o
 .debug_abbrev  0x00000000000012bf      0x260 ./Drivers/STM32F3xx_HAL_Driver/Src/stm32f3xx_hal_i2c.o
 .debug_abbrev  0x000000000000151f      0x1c2 ./Drivers/STM32F3xx_HAL_Driver/Src/stm32f3xx_hal_i2c_ex.o
 .debug_abbrev  0x00000000000016e1      0x13f ./Drivers/STM32F3xx_HAL_Driver/Src/stm32f3xx_hal_pwr.o
 .debug_abbrev  0x0000000000001820      0x300 ./Drivers/STM32F3xx_HAL_Driver/Src/stm32f3xx_hal_rcc.o
 .debug_abbrev  0x0000000000001b20      0x245 ./Drivers/STM32F3xx_HAL_Driver/Src/stm32f3xx_hal_rcc_ex.o
 .debug_abbrev  0x0000000000001d65      0x278 ./Drivers/STM32F3xx_HAL_Driver/Src/stm32f3xx_hal_tim.o
 .debug_abbrev  0x0000000000001fdd      0x283 ./Drivers/STM32F3xx_HAL_Driver/Src/stm32f3xx_hal_tim_ex.o

.debug_aranges  0x0000000000000000      0xf10
 .debug_aranges
                0x0000000000000000       0x48 ./Core/Src/i2c-lcd.o
 .debug_aranges
                0x0000000000000048       0x88 ./Core/Src/main.o
 .debug_aranges
                0x00000000000000d0       0x58 ./Core/Src/stm32f3xx_hal_msp.o
 .debug_aranges
                0x0000000000000128       0x68 ./Core/Src/stm32f3xx_it.o
 .debug_aranges
                0x0000000000000190       0x28 ./Core/Src/system_stm32f3xx.o
 .debug_aranges
                0x00000000000001b8       0x28 ./Core/Startup/startup_stm32f303retx.o
 .debug_aranges
                0x00000000000001e0       0xe0 ./Drivers/STM32F3xx_HAL_Driver/Src/stm32f3xx_hal.o
 .debug_aranges
                0x00000000000002c0      0x168 ./Drivers/STM32F3xx_HAL_Driver/Src/stm32f3xx_hal_adc_ex.o
 .debug_aranges
                0x0000000000000428      0x118 ./Drivers/STM32F3xx_HAL_Driver/Src/stm32f3xx_hal_cortex.o
 .debug_aranges
                0x0000000000000540       0x58 ./Drivers/STM32F3xx_HAL_Driver/Src/stm32f3xx_hal_gpio.o
 .debug_aranges
                0x0000000000000598      0x2a0 ./Drivers/STM32F3xx_HAL_Driver/Src/stm32f3xx_hal_i2c.o
 .debug_aranges
                0x0000000000000838       0x48 ./Drivers/STM32F3xx_HAL_Driver/Src/stm32f3xx_hal_i2c_ex.o
 .debug_aranges
                0x0000000000000880       0x78 ./Drivers/STM32F3xx_HAL_Driver/Src/stm32f3xx_hal_pwr.o
 .debug_aranges
                0x00000000000008f8       0x88 ./Drivers/STM32F3xx_HAL_Driver/Src/stm32f3xx_hal_rcc.o
 .debug_aranges
                0x0000000000000980       0x38 ./Drivers/STM32F3xx_HAL_Driver/Src/stm32f3xx_hal_rcc_ex.o
 .debug_aranges
                0x00000000000009b8      0x3e0 ./Drivers/STM32F3xx_HAL_Driver/Src/stm32f3xx_hal_tim.o
 .debug_aranges
                0x0000000000000d98      0x178 ./Drivers/STM32F3xx_HAL_Driver/Src/stm32f3xx_hal_tim_ex.o

.debug_rnglists
                0x0000000000000000      0xbc5
 .debug_rnglists
                0x0000000000000000       0x31 ./Core/Src/i2c-lcd.o
 .debug_rnglists
                0x0000000000000031       0x68 ./Core/Src/main.o
 .debug_rnglists
                0x0000000000000099       0x40 ./Core/Src/stm32f3xx_hal_msp.o
 .debug_rnglists
                0x00000000000000d9       0x49 ./Core/Src/stm32f3xx_it.o
 .debug_rnglists
                0x0000000000000122       0x1a ./Core/Src/system_stm32f3xx.o
 .debug_rnglists
                0x000000000000013c       0x19 ./Core/Startup/startup_stm32f303retx.o
 .debug_rnglists
                0x0000000000000155       0xa3 ./Drivers/STM32F3xx_HAL_Driver/Src/stm32f3xx_hal.o
 .debug_rnglists
                0x00000000000001f8      0x126 ./Drivers/STM32F3xx_HAL_Driver/Src/stm32f3xx_hal_adc_ex.o
 .debug_rnglists
                0x000000000000031e       0xce ./Drivers/STM32F3xx_HAL_Driver/Src/stm32f3xx_hal_cortex.o
 .debug_rnglists
                0x00000000000003ec       0x3f ./Drivers/STM32F3xx_HAL_Driver/Src/stm32f3xx_hal_gpio.o
 .debug_rnglists
                0x000000000000042b      0x228 ./Drivers/STM32F3xx_HAL_Driver/Src/stm32f3xx_hal_i2c.o
 .debug_rnglists
                0x0000000000000653       0x35 ./Drivers/STM32F3xx_HAL_Driver/Src/stm32f3xx_hal_i2c_ex.o
 .debug_rnglists
                0x0000000000000688       0x55 ./Drivers/STM32F3xx_HAL_Driver/Src/stm32f3xx_hal_pwr.o
 .debug_rnglists
                0x00000000000006dd       0x66 ./Drivers/STM32F3xx_HAL_Driver/Src/stm32f3xx_hal_rcc.o
 .debug_rnglists
                0x0000000000000743       0x29 ./Drivers/STM32F3xx_HAL_Driver/Src/stm32f3xx_hal_rcc_ex.o
 .debug_rnglists
                0x000000000000076c      0x328 ./Drivers/STM32F3xx_HAL_Driver/Src/stm32f3xx_hal_tim.o
 .debug_rnglists
                0x0000000000000a94      0x131 ./Drivers/STM32F3xx_HAL_Driver/Src/stm32f3xx_hal_tim_ex.o

.debug_macro    0x0000000000000000    0x20952
 .debug_macro   0x0000000000000000      0x1e6 ./Core/Src/i2c-lcd.o
 .debug_macro   0x00000000000001e6      0xaa8 ./Core/Src/i2c-lcd.o
 .debug_macro   0x0000000000000c8e      0x157 ./Core/Src/i2c-lcd.o
 .debug_macro   0x0000000000000de5       0x2e ./Core/Src/i2c-lcd.o
 .debug_macro   0x0000000000000e13       0x28 ./Core/Src/i2c-lcd.o
 .debug_macro   0x0000000000000e3b       0x22 ./Core/Src/i2c-lcd.o
 .debug_macro   0x0000000000000e5d       0x8e ./Core/Src/i2c-lcd.o
 .debug_macro   0x0000000000000eeb       0x51 ./Core/Src/i2c-lcd.o
 .debug_macro   0x0000000000000f3c      0x103 ./Core/Src/i2c-lcd.o
 .debug_macro   0x000000000000103f       0x6a ./Core/Src/i2c-lcd.o
 .debug_macro   0x00000000000010a9      0x1df ./Core/Src/i2c-lcd.o
 .debug_macro   0x0000000000001288       0x1c ./Core/Src/i2c-lcd.o
 .debug_macro   0x00000000000012a4       0x22 ./Core/Src/i2c-lcd.o
 .debug_macro   0x00000000000012c6       0xd9 ./Core/Src/i2c-lcd.o
 .debug_macro   0x000000000000139f     0x102d ./Core/Src/i2c-lcd.o
 .debug_macro   0x00000000000023cc      0x11f ./Core/Src/i2c-lcd.o
 .debug_macro   0x00000000000024eb    0x1535a ./Core/Src/i2c-lcd.o
 .debug_macro   0x0000000000017845       0x6d ./Core/Src/i2c-lcd.o
 .debug_macro   0x00000000000178b2     0x3558 ./Core/Src/i2c-lcd.o
 .debug_macro   0x000000000001ae0a      0x174 ./Core/Src/i2c-lcd.o
 .debug_macro   0x000000000001af7e       0x55 ./Core/Src/i2c-lcd.o
 .debug_macro   0x000000000001afd3      0x953 ./Core/Src/i2c-lcd.o
 .debug_macro   0x000000000001b926      0x84a ./Core/Src/i2c-lcd.o
 .debug_macro   0x000000000001c170      0x1b5 ./Core/Src/i2c-lcd.o
 .debug_macro   0x000000000001c325      0x23a ./Core/Src/i2c-lcd.o
 .debug_macro   0x000000000001c55f      0x1ea ./Core/Src/i2c-lcd.o
 .debug_macro   0x000000000001c749      0x1bc ./Core/Src/i2c-lcd.o
 .debug_macro   0x000000000001c905       0x30 ./Core/Src/i2c-lcd.o
 .debug_macro   0x000000000001c935       0x3c ./Core/Src/i2c-lcd.o
 .debug_macro   0x000000000001c971      0x235 ./Core/Src/i2c-lcd.o
 .debug_macro   0x000000000001cba6      0x9fe ./Core/Src/i2c-lcd.o
 .debug_macro   0x000000000001d5a4       0x77 ./Core/Src/i2c-lcd.o
 .debug_macro   0x000000000001d61b       0xc5 ./Core/Src/i2c-lcd.o
 .debug_macro   0x000000000001d6e0      0x21d ./Core/Src/i2c-lcd.o
 .debug_macro   0x000000000001d8fd      0x22c ./Core/Src/i2c-lcd.o
 .debug_macro   0x000000000001db29       0x5b ./Core/Src/i2c-lcd.o
 .debug_macro   0x000000000001db84       0xa5 ./Core/Src/i2c-lcd.o
 .debug_macro   0x000000000001dc29       0x81 ./Core/Src/i2c-lcd.o
 .debug_macro   0x000000000001dcaa       0xd3 ./Core/Src/i2c-lcd.o
 .debug_macro   0x000000000001dd7d      0xa59 ./Core/Src/i2c-lcd.o
 .debug_macro   0x000000000001e7d6       0xba ./Core/Src/i2c-lcd.o
 .debug_macro   0x000000000001e890      0x347 ./Core/Src/i2c-lcd.o
 .debug_macro   0x000000000001ebd7      0x1ef ./Core/Src/main.o
 .debug_macro   0x000000000001edc6       0x16 ./Core/Src/main.o
 .debug_macro   0x000000000001eddc      0x1eb ./Core/Src/stm32f3xx_hal_msp.o
 .debug_macro   0x000000000001efc7      0x1f5 ./Core/Src/stm32f3xx_it.o
 .debug_macro   0x000000000001f1bc      0x1dc ./Core/Src/system_stm32f3xx.o
 .debug_macro   0x000000000001f398      0x200 ./Drivers/STM32F3xx_HAL_Driver/Src/stm32f3xx_hal.o
 .debug_macro   0x000000000001f598      0x206 ./Drivers/STM32F3xx_HAL_Driver/Src/stm32f3xx_hal_adc_ex.o
 .debug_macro   0x000000000001f79e      0x1dc ./Drivers/STM32F3xx_HAL_Driver/Src/stm32f3xx_hal_cortex.o
 .debug_macro   0x000000000001f97a      0x1e3 ./Drivers/STM32F3xx_HAL_Driver/Src/stm32f3xx_hal_gpio.o
 .debug_macro   0x000000000001fb5d      0x2a8 ./Drivers/STM32F3xx_HAL_Driver/Src/stm32f3xx_hal_i2c.o
 .debug_macro   0x000000000001fe05      0x1dc ./Drivers/STM32F3xx_HAL_Driver/Src/stm32f3xx_hal_i2c_ex.o
 .debug_macro   0x000000000001ffe1      0x1dc ./Drivers/STM32F3xx_HAL_Driver/Src/stm32f3xx_hal_pwr.o
 .debug_macro   0x00000000000201bd      0x200 ./Drivers/STM32F3xx_HAL_Driver/Src/stm32f3xx_hal_rcc.o
 .debug_macro   0x00000000000203bd      0x1dc ./Drivers/STM32F3xx_HAL_Driver/Src/stm32f3xx_hal_rcc_ex.o
 .debug_macro   0x0000000000020599      0x1dd ./Drivers/STM32F3xx_HAL_Driver/Src/stm32f3xx_hal_tim.o
 .debug_macro   0x0000000000020776      0x1dc ./Drivers/STM32F3xx_HAL_Driver/Src/stm32f3xx_hal_tim_ex.o

.debug_line     0x0000000000000000    0x14087
 .debug_line    0x0000000000000000      0x848 ./Core/Src/i2c-lcd.o
 .debug_line    0x0000000000000848      0xcc5 ./Core/Src/main.o
 .debug_line    0x000000000000150d      0x8d1 ./Core/Src/stm32f3xx_hal_msp.o
 .debug_line    0x0000000000001dde      0x84a ./Core/Src/stm32f3xx_it.o
 .debug_line    0x0000000000002628      0x7eb ./Core/Src/system_stm32f3xx.o
 .debug_line    0x0000000000002e13       0x7a ./Core/Startup/startup_stm32f303retx.o
 .debug_line    0x0000000000002e8d      0xa1b ./Drivers/STM32F3xx_HAL_Driver/Src/stm32f3xx_hal.o
 .debug_line    0x00000000000038a8     0x27e6 ./Drivers/STM32F3xx_HAL_Driver/Src/stm32f3xx_hal_adc_ex.o
 .debug_line    0x000000000000608e      0xce0 ./Drivers/STM32F3xx_HAL_Driver/Src/stm32f3xx_hal_cortex.o
 .debug_line    0x0000000000006d6e      0xba2 ./Drivers/STM32F3xx_HAL_Driver/Src/stm32f3xx_hal_gpio.o
 .debug_line    0x0000000000007910     0x37f4 ./Drivers/STM32F3xx_HAL_Driver/Src/stm32f3xx_hal_i2c.o
 .debug_line    0x000000000000b104      0x98d ./Drivers/STM32F3xx_HAL_Driver/Src/stm32f3xx_hal_i2c_ex.o
 .debug_line    0x000000000000ba91      0x8b5 ./Drivers/STM32F3xx_HAL_Driver/Src/stm32f3xx_hal_pwr.o
 .debug_line    0x000000000000c346     0x140d ./Drivers/STM32F3xx_HAL_Driver/Src/stm32f3xx_hal_rcc.o
 .debug_line    0x000000000000d753      0xf33 ./Drivers/STM32F3xx_HAL_Driver/Src/stm32f3xx_hal_rcc_ex.o
 .debug_line    0x000000000000e686     0x3eb2 ./Drivers/STM32F3xx_HAL_Driver/Src/stm32f3xx_hal_tim.o
 .debug_line    0x0000000000012538     0x1b4f ./Drivers/STM32F3xx_HAL_Driver/Src/stm32f3xx_hal_tim_ex.o

.debug_str      0x0000000000000000    0xcb97f
 .debug_str     0x0000000000000000    0xc6fc6 ./Core/Src/i2c-lcd.o
                                      0xc76e6 (size before relaxing)
 .debug_str     0x00000000000c6fc6     0x1069 ./Core/Src/main.o
                                      0xc899a (size before relaxing)
 .debug_str     0x00000000000c802f       0xdf ./Core/Src/stm32f3xx_hal_msp.o
                                      0xc7dc6 (size before relaxing)
 .debug_str     0x00000000000c810e       0xf7 ./Core/Src/stm32f3xx_it.o
                                      0xc7296 (size before relaxing)
 .debug_str     0x00000000000c8205       0xdf ./Core/Src/system_stm32f3xx.o
                                      0xc7295 (size before relaxing)
 .debug_str     0x00000000000c82e4       0x34 ./Core/Startup/startup_stm32f303retx.o
                                         0x6b (size before relaxing)
 .debug_str     0x00000000000c8318      0x388 ./Drivers/STM32F3xx_HAL_Driver/Src/stm32f3xx_hal.o
                                      0xc7b3e (size before relaxing)
 .debug_str     0x00000000000c86a0      0x83c ./Drivers/STM32F3xx_HAL_Driver/Src/stm32f3xx_hal_adc_ex.o
                                      0xc7f9b (size before relaxing)
 .debug_str     0x00000000000c8edc      0x334 ./Drivers/STM32F3xx_HAL_Driver/Src/stm32f3xx_hal_cortex.o
                                      0xc7b90 (size before relaxing)
 .debug_str     0x00000000000c9210      0x129 ./Drivers/STM32F3xx_HAL_Driver/Src/stm32f3xx_hal_gpio.o
                                      0xc747a (size before relaxing)
 .debug_str     0x00000000000c9339      0xe2c ./Drivers/STM32F3xx_HAL_Driver/Src/stm32f3xx_hal_i2c.o
                                      0xc8598 (size before relaxing)
 .debug_str     0x00000000000ca165       0xb8 ./Drivers/STM32F3xx_HAL_Driver/Src/stm32f3xx_hal_i2c_ex.o
                                      0xc7842 (size before relaxing)
 .debug_str     0x00000000000ca21d      0x176 ./Drivers/STM32F3xx_HAL_Driver/Src/stm32f3xx_hal_pwr.o
                                      0xc739e (size before relaxing)
 .debug_str     0x00000000000ca393      0x2c6 ./Drivers/STM32F3xx_HAL_Driver/Src/stm32f3xx_hal_rcc.o
                                      0xc7739 (size before relaxing)
 .debug_str     0x00000000000ca659       0xbe ./Drivers/STM32F3xx_HAL_Driver/Src/stm32f3xx_hal_rcc_ex.o
                                      0xc7583 (size before relaxing)
 .debug_str     0x00000000000ca717      0xd8c ./Drivers/STM32F3xx_HAL_Driver/Src/stm32f3xx_hal_tim.o
                                      0xc86bc (size before relaxing)
 .debug_str     0x00000000000cb4a3      0x4dc ./Drivers/STM32F3xx_HAL_Driver/Src/stm32f3xx_hal_tim_ex.o
                                      0xc7f12 (size before relaxing)

.debug_frame    0x0000000000000000     0x3f68
 .debug_frame   0x0000000000000000       0xe0 ./Core/Src/i2c-lcd.o
 .debug_frame   0x00000000000000e0      0x1e0 ./Core/Src/main.o
 .debug_frame   0x00000000000002c0      0x13c ./Core/Src/stm32f3xx_hal_msp.o
 .debug_frame   0x00000000000003fc      0x120 ./Core/Src/stm32f3xx_it.o
 .debug_frame   0x000000000000051c       0x58 ./Core/Src/system_stm32f3xx.o
 .debug_frame   0x0000000000000574      0x334 ./Drivers/STM32F3xx_HAL_Driver/Src/stm32f3xx_hal.o
 .debug_frame   0x00000000000008a8      0x644 ./Drivers/STM32F3xx_HAL_Driver/Src/stm32f3xx_hal_adc_ex.o
 .debug_frame   0x0000000000000eec      0x498 ./Drivers/STM32F3xx_HAL_Driver/Src/stm32f3xx_hal_cortex.o
 .debug_frame   0x0000000000001384      0x14c ./Drivers/STM32F3xx_HAL_Driver/Src/stm32f3xx_hal_gpio.o
 .debug_frame   0x00000000000014d0      0xc34 ./Drivers/STM32F3xx_HAL_Driver/Src/stm32f3xx_hal_i2c.o
 .debug_frame   0x0000000000002104      0x100 ./Drivers/STM32F3xx_HAL_Driver/Src/stm32f3xx_hal_i2c_ex.o
 .debug_frame   0x0000000000002204      0x1b0 ./Drivers/STM32F3xx_HAL_Driver/Src/stm32f3xx_hal_pwr.o
 .debug_frame   0x00000000000023b4      0x214 ./Drivers/STM32F3xx_HAL_Driver/Src/stm32f3xx_hal_rcc.o
 .debug_frame   0x00000000000025c8       0xb0 ./Drivers/STM32F3xx_HAL_Driver/Src/stm32f3xx_hal_rcc_ex.o
 .debug_frame   0x0000000000002678     0x121c ./Drivers/STM32F3xx_HAL_Driver/Src/stm32f3xx_hal_tim.o
 .debug_frame   0x0000000000003894      0x688 ./Drivers/STM32F3xx_HAL_Driver/Src/stm32f3xx_hal_tim_ex.o
 .debug_frame   0x0000000000003f1c       0x20 C:/ST/STM32CubeIDE_1.13.2/STM32CubeIDE/plugins/com.st.stm32cube.ide.mcu.externaltools.gnu-tools-for-stm32.11.3.rel1.win32_1.1.1.202309131626/tools/bin/../lib/gcc/arm-none-eabi/11.3.1/../../../../arm-none-eabi/lib/thumb/v7e-m+fp/hard\libc_nano.a(libc_a-memset.o)
 .debug_frame   0x0000000000003f3c       0x2c C:/ST/STM32CubeIDE_1.13.2/STM32CubeIDE/plugins/com.st.stm32cube.ide.mcu.externaltools.gnu-tools-for-stm32.11.3.rel1.win32_1.1.1.202309131626/tools/bin/../lib/gcc/arm-none-eabi/11.3.1/../../../../arm-none-eabi/lib/thumb/v7e-m+fp/hard\libc_nano.a(libc_a-init.o)

.debug_line_str
                0x0000000000000000       0x5f
 .debug_line_str
                0x0000000000000000       0x5f ./Core/Startup/startup_stm32f303retx.o
                                         0x77 (size before relaxing)
